// Jest Snapshot v1, https://goo.gl/fbAQLP

exports[`error should match snapshot 1`] = `
Object {
  "BAD_REQUEST": Object {
    "data": Object {
      "code": "NEWOR_BAD_REQUEST",
      "description": "Bad request",
    },
    "status": 400,
  },
  "INTERNAL_SERVER_ERROR": Object {
    "data": Object {
      "code": "NEWOR_INTERNAL_SERVER_ERROR",
      "description": "Internal Server error",
    },
    "status": 500,
  },
  "REDIRECT": Object {
    "status": 307,
  },
  "UNAUTHORIZED": Object {
    "data": Object {
      "code": "NEWOR_UNAUTHORIZED",
      "description": "Unauthorized",
    },
    "status": 401,
  },
}
`;
