// Jest Snapshot v1, https://goo.gl/fbAQLP

exports[`error should match snapshot 1`] = `
Object {
  "BAD_REQUEST": Object {
    "data": Object {
      "code": "NEWOR_BAD_REQUEST",
      "description": "Bad request",
    },
    "status": 400,
  },
  "INTERNAL_SERVER_ERROR": Object {
    "data": Object {
      "code": "NEWOR_INTERNAL_SERVER_ERROR",
      "description": "Internal Server error",
    },
    "status": 500,
  },
  "INVALID_CREDENTIALS": Object {
    "data": Object {
      "code": "NEWOR_INVALID_CREDENTIALS",
      "description": "Invalid credentials.",
    },
    "status": 401,
  },
  "REDIRECT": Object {
    "data": Object {
      "code": "NEWOR_REDIRECT",
      "description": "Redirect",
    },
    "status": 307,
  },
  "USER_NOT_FOUND": Object {
    "data": Object {
      "code": "NEWOR_USER_NOT_FOUND",
      "description": "User not found.",
    },
    "status": 403,
  },
  "isNeworError": [Function],
}
`;
